============================= test session starts =============================
platform win32 -- Python 3.14.0, pytest-8.4.2, pluggy-1.6.0 -- D:\Github\theappapp\venv\Scripts\python.exe
cachedir: .pytest_cache
rootdir: D:\Github\theappapp
configfile: pytest.ini
plugins: anyio-4.11.0, asyncio-1.2.0, cov-7.0.0
asyncio: mode=Mode.AUTO, debug=False, asyncio_default_fixture_loop_scope=function, asyncio_default_test_loop_scope=function
collecting ... collected 1 item

pytest : Traceback (most recent call last):
At line:1 char:1
+ pytest backend/tests/test_e2e_real_hello_world.py -v -s --tb=short 2> ...
+ ~~~~~~~~~~~~~~~~~~~~~~~~~~~~~~~~~~~~~~~~~~~~~~~~~~~~~~~~~~~~~~~~~~~~~
    + CategoryInfo          : NotSpecified: (Traceback (most recent call last)::String) [], RemoteException
    + FullyQualifiedErrorId : NativeCommandError
 
  File "D:\Github\theappapp\backend\services\agent_factory.py", line 282, in create_and_register_all_agents
    agent = await self._create_built_in_agent(
            ^^^^^^^^^^^^^^^^^^^^^^^^^^^^^^^^^^
    ...<4 lines>...
    )
    ^
  File "D:\Github\theappapp\backend\services\agent_factory.py", line 179, in _create_built_in_agent
    agent = agent_class(
        agent_id=f"{agent_type}-{id(self)}",
    ...<5 lines>...
        **kwargs
    )
  File "D:\Github\theappapp\backend\agents\backend_dev_agent.py", line 79, in __init__
    super().__init__(
    ~~~~~~~~~~~~~~~~^
        agent_id=agent_id,
        ^^^^^^^^^^^^^^^^^^
    ...<7 lines>...
        **kwargs
        ^^^^^^^^
    )
    ^
TypeError: backend.agents.base_agent.BaseAgent.__init__() got multiple values for keyword argument 'system_prompt'
Traceback (most recent call last):
  File "D:\Github\theappapp\backend\services\agent_factory.py", line 282, in create_and_register_all_agents
    agent = await self._create_built_in_agent(
            ^^^^^^^^^^^^^^^^^^^^^^^^^^^^^^^^^^
    ...<4 lines>...
    )
    ^
  File "D:\Github\theappapp\backend\services\agent_factory.py", line 179, in _create_built_in_agent
    agent = agent_class(
        agent_id=f"{agent_type}-{id(self)}",
    ...<5 lines>...
        **kwargs
    )
  File "D:\Github\theappapp\backend\agents\frontend_dev_agent.py", line 99, in __init__
    super().__init__(
    ~~~~~~~~~~~~~~~~^
        agent_id=agent_id,
        ^^^^^^^^^^^^^^^^^^
    ...<7 lines>...
        **kwargs
        ^^^^^^^^
    )
    ^
TypeError: backend.agents.base_agent.BaseAgent.__init__() got multiple values for keyword argument 'system_prompt'
Traceback (most recent call last):
  File "D:\Github\theappapp\backend\services\agent_factory.py", line 282, in create_and_register_all_agents
    agent = await self._create_built_in_agent(
            ^^^^^^^^^^^^^^^^^^^^^^^^^^^^^^^^^^
    ...<4 lines>...
    )
    ^
  File "D:\Github\theappapp\backend\services\agent_factory.py", line 179, in _create_built_in_agent
    agent = agent_class(
        agent_id=f"{agent_type}-{id(self)}",
    ...<5 lines>...
        **kwargs
    )
  File "D:\Github\theappapp\backend\agents\qa_engineer_agent.py", line 43, in __init__
    super().__init__(
    ~~~~~~~~~~~~~~~~^
        agent_id=agent_id,
        ^^^^^^^^^^^^^^^^^^
    ...<4 lines>...
        **kwargs
        ^^^^^^^^
    )
    ^
TypeError: backend.agents.base_agent.BaseAgent.__init__() got multiple values for keyword argument 'system_prompt'
Traceback (most recent call last):
  File "D:\Github\theappapp\backend\services\agent_factory.py", line 282, in create_and_register_all_agents
    agent = await self._create_built_in_agent(
            ^^^^^^^^^^^^^^^^^^^^^^^^^^^^^^^^^^
    ...<4 lines>...
    )
    ^
  File "D:\Github\theappapp\backend\services\agent_factory.py", line 179, in _create_built_in_agent
    agent = agent_class(
        agent_id=f"{agent_type}-{id(self)}",
    ...<5 lines>...
        **kwargs
    )
  File "D:\Github\theappapp\backend\agents\security_expert_agent.py", line 31, in __init__
    super().__init__(agent_id=agent_id, agent_type=final_agent_type, orchestrator=orchestrator,
    ~~~~~~~~~~~~~~~~^^^^^^^^^^^^^^^^^^^^^^^^^^^^^^^^^^^^^^^^^^^^^^^^^^^^^^^^^^^^^^^^^^^^^^^^^^^
                     llm_client=llm_client, system_prompt=SECURITY_EXPERT_SYSTEM_PROMPT, **kwargs)
                     ^^^^^^^^^^^^^^^^^^^^^^^^^^^^^^^^^^^^^^^^^^^^^^^^^^^^^^^^^^^^^^^^^^^^^^^^^^^^^
TypeError: backend.agents.base_agent.BaseAgent.__init__() got multiple values for keyword argument 'system_prompt'
Traceback (most recent call last):
  File "D:\Github\theappapp\backend\services\agent_factory.py", line 282, in create_and_register_all_agents
    agent = await self._create_built_in_agent(
            ^^^^^^^^^^^^^^^^^^^^^^^^^^^^^^^^^^
    ...<4 lines>...
    )
    ^
  File "D:\Github\theappapp\backend\services\agent_factory.py", line 179, in _create_built_in_agent
    agent = agent_class(
        agent_id=f"{agent_type}-{id(self)}",
    ...<5 lines>...
        **kwargs
    )
  File "D:\Github\theappapp\backend\agents\devops_engineer_agent.py", line 31, in __init__
    super().__init__(agent_id=agent_id, agent_type=final_agent_type, orchestrator=orchestrator,
    ~~~~~~~~~~~~~~~~^^^^^^^^^^^^^^^^^^^^^^^^^^^^^^^^^^^^^^^^^^^^^^^^^^^^^^^^^^^^^^^^^^^^^^^^^^^
                     llm_client=llm_client, system_prompt=DEVOPS_ENGINEER_SYSTEM_PROMPT, **kwargs)
                     ^^^^^^^^^^^^^^^^^^^^^^^^^^^^^^^^^^^^^^^^^^^^^^^^^^^^^^^^^^^^^^^^^^^^^^^^^^^^^
TypeError: backend.agents.base_agent.BaseAgent.__init__() got multiple values for keyword argument 'system_prompt'
Traceback (most recent call last):
  File "D:\Github\theappapp\backend\services\agent_factory.py", line 282, in create_and_register_all_agents
    agent = await self._create_built_in_agent(
            ^^^^^^^^^^^^^^^^^^^^^^^^^^^^^^^^^^
    ...<4 lines>...
    )
    ^
  File "D:\Github\theappapp\backend\services\agent_factory.py", line 179, in _create_built_in_agent
    agent = agent_class(
        agent_id=f"{agent_type}-{id(self)}",
    ...<5 lines>...
        **kwargs
    )
  File "D:\Github\theappapp\backend\agents\documentation_expert_agent.py", line 31, in __init__
    super().__init__(agent_id=agent_id, agent_type=final_agent_type, orchestrator=orchestrator,
    ~~~~~~~~~~~~~~~~^^^^^^^^^^^^^^^^^^^^^^^^^^^^^^^^^^^^^^^^^^^^^^^^^^^^^^^^^^^^^^^^^^^^^^^^^^^
                     llm_client=llm_client, system_prompt=DOCUMENTATION_EXPERT_SYSTEM_PROMPT, **kwargs)
                     ^^^^^^^^^^^^^^^^^^^^^^^^^^^^^^^^^^^^^^^^^^^^^^^^^^^^^^^^^^^^^^^^^^^^^^^^^^^^^^^^^^
TypeError: backend.agents.base_agent.BaseAgent.__init__() got multiple values for keyword argument 'system_prompt'
Traceback (most recent call last):
  File "D:\Github\theappapp\backend\services\agent_factory.py", line 282, in create_and_register_all_agents
    agent = await self._create_built_in_agent(
            ^^^^^^^^^^^^^^^^^^^^^^^^^^^^^^^^^^
    ...<4 lines>...
    )
    ^
  File "D:\Github\theappapp\backend\services\agent_factory.py", line 179, in _create_built_in_agent
    agent = agent_class(
        agent_id=f"{agent_type}-{id(self)}",
    ...<5 lines>...
        **kwargs
    )
  File "D:\Github\theappapp\backend\agents\uiux_designer_agent.py", line 31, in __init__
    super().__init__(agent_id=agent_id, agent_type=final_agent_type, orchestrator=orchestrator,
    ~~~~~~~~~~~~~~~~^^^^^^^^^^^^^^^^^^^^^^^^^^^^^^^^^^^^^^^^^^^^^^^^^^^^^^^^^^^^^^^^^^^^^^^^^^^
                     llm_client=llm_client, system_prompt=UIUX_DESIGNER_SYSTEM_PROMPT, **kwargs)
                     ^^^^^^^^^^^^^^^^^^^^^^^^^^^^^^^^^^^^^^^^^^^^^^^^^^^^^^^^^^^^^^^^^^^^^^^^^^^
TypeError: backend.agents.base_agent.BaseAgent.__init__() got multiple values for keyword argument 'system_prompt'
Traceback (most recent call last):
  File "D:\Github\theappapp\backend\services\agent_factory.py", line 282, in create_and_register_all_agents
    agent = await self._create_built_in_agent(
            ^^^^^^^^^^^^^^^^^^^^^^^^^^^^^^^^^^
    ...<4 lines>...
    )
    ^
  File "D:\Github\theappapp\backend\services\agent_factory.py", line 179, in _create_built_in_agent
    agent = agent_class(
        agent_id=f"{agent_type}-{id(self)}",
    ...<5 lines>...
        **kwargs
    )
  File "D:\Github\theappapp\backend\agents\github_specialist_agent.py", line 54, in __init__
    super().__init__(
    ~~~~~~~~~~~~~~~~^
        agent_id=agent_id,
        ^^^^^^^^^^^^^^^^^^
    ...<4 lines>...
        **kwargs
        ^^^^^^^^
    )
    ^
TypeError: backend.agents.base_agent.BaseAgent.__init__() got multiple values for keyword argument 'agent_type'
Traceback (most recent call last):
  File "D:\Github\theappapp\backend\services\agent_factory.py", line 282, in create_and_register_all_agents
    agent = await self._create_built_in_agent(
            ^^^^^^^^^^^^^^^^^^^^^^^^^^^^^^^^^^
    ...<4 lines>...
    )
    ^
  File "D:\Github\theappapp\backend\services\agent_factory.py", line 179, in _create_built_in_agent
    agent = agent_class(
        agent_id=f"{agent_type}-{id(self)}",
    ...<5 lines>...
        **kwargs
    )
  File "D:\Github\theappapp\backend\agents\workshopper_agent.py", line 38, in __init__
    super().__init__(agent_id=agent_id, agent_type=final_agent_type, orchestrator=orchestrator,
    ~~~~~~~~~~~~~~~~^^^^^^^^^^^^^^^^^^^^^^^^^^^^^^^^^^^^^^^^^^^^^^^^^^^^^^^^^^^^^^^^^^^^^^^^^^^
                     llm_client=llm_client, system_prompt=WORKSHOPPER_SYSTEM_PROMPT, **kwargs)
                     ^^^^^^^^^^^^^^^^^^^^^^^^^^^^^^^^^^^^^^^^^^^^^^^^^^^^^^^^^^^^^^^^^^^^^^^^^
TypeError: backend.agents.base_agent.BaseAgent.__init__() got multiple values for keyword argument 'system_prompt'
Traceback (most recent call last):
  File "D:\Github\theappapp\backend\services\agent_factory.py", line 282, in create_and_register_all_agents
    agent = await self._create_built_in_agent(
            ^^^^^^^^^^^^^^^^^^^^^^^^^^^^^^^^^^
    ...<4 lines>...
    )
    ^
  File "D:\Github\theappapp\backend\services\agent_factory.py", line 179, in _create_built_in_agent
    agent = agent_class(
        agent_id=f"{agent_type}-{id(self)}",
    ...<5 lines>...
        **kwargs
    )
  File "D:\Github\theappapp\backend\agents\project_manager_agent.py", line 32, in __init__
    super().__init__(agent_id=agent_id, agent_type=final_agent_type, orchestrator=orchestrator,
    ~~~~~~~~~~~~~~~~^^^^^^^^^^^^^^^^^^^^^^^^^^^^^^^^^^^^^^^^^^^^^^^^^^^^^^^^^^^^^^^^^^^^^^^^^^^
                     llm_client=llm_client, system_prompt=PROJECT_MANAGER_SYSTEM_PROMPT, **kwargs)
                     ^^^^^^^^^^^^^^^^^^^^^^^^^^^^^^^^^^^^^^^^^^^^^^^^^^^^^^^^^^^^^^^^^^^^^^^^^^^^^
TypeError: backend.agents.base_agent.BaseAgent.__init__() got multiple values for keyword argument 'system_prompt'
